loading model=/home/sima/watch-perception/models/yolo26m-det-int8-b1.tar.gz
Model loaded: yolo26m-det-int8-b1 (package storage: NVMe, runtime package path: /media/nvme/simaai/coprocessing/models/proc_20295/pkg_13ee9c4f6d65ae16/yolo26m-det-int8-b1)
[WARN] Model preprocess planner produced 39 advisory messages; set Model::Options.verbose.level=Verbose or Model::Options.verbose.planner=true to inspect details.
[1/4] Initializing runtime...
[2/4] Preparing input stream...
[3/4] Building graph...
[4/4] Graph ready (234 ms)
frame=1 processed=1 detections=11 best=0.500 infer_ms=9.3
frame=2 processed=2 detections=11 best=0.500 infer_ms=9.6
frame=3 processed=3 detections=11 best=0.500 infer_ms=9.3
frame=4 processed=4 detections=11 best=0.500 infer_ms=8.7
frame=5 processed=5 detections=10 best=0.500 infer_ms=8.5
frame=6 processed=6 detections=12 best=0.500 infer_ms=8.5
frame=7 processed=7 detections=11 best=0.500 infer_ms=8.4
frame=8 processed=8 detections=12 best=0.500 infer_ms=8.4
frame=9 processed=9 detections=13 best=0.500 infer_ms=8.3
frame=10 processed=10 detections=12 best=0.500 infer_ms=8.6
frame=11 processed=11 detections=10 best=0.500 infer_ms=8.4
frame=12 processed=12 detections=10 best=0.500 infer_ms=8.2
frame=13 processed=13 detections=7 best=0.500 infer_ms=8.3
frame=14 processed=14 detections=9 best=0.500 infer_ms=10.2
frame=15 processed=15 detections=9 best=0.500 infer_ms=8.2
frame=16 processed=16 detections=10 best=0.500 infer_ms=8.2
frame=17 processed=17 detections=11 best=0.500 infer_ms=8.5
frame=18 processed=18 detections=10 best=0.500 infer_ms=9.8
frame=19 processed=19 detections=11 best=0.500 infer_ms=8.4
frame=20 processed=20 detections=10 best=0.500 infer_ms=8.3
frame=21 processed=21 detections=10 best=0.500 infer_ms=8.4
frame=22 processed=22 detections=12 best=0.500 infer_ms=8.5
frame=23 processed=23 detections=11 best=0.500 infer_ms=9.5
frame=24 processed=24 detections=10 best=0.500 infer_ms=8.2
frame=25 processed=25 detections=10 best=0.500 infer_ms=8.3
frame=26 processed=26 detections=10 best=0.500 infer_ms=8.4
frame=27 processed=27 detections=12 best=0.500 infer_ms=8.2
frame=28 processed=28 detections=10 best=0.500 infer_ms=8.2
frame=29 processed=29 detections=10 best=0.500 infer_ms=8.3
frame=30 processed=30 detections=11 best=0.500 infer_ms=8.5
frame=31 processed=31 detections=12 best=0.500 infer_ms=8.5
frame=32 processed=32 detections=11 best=0.500 infer_ms=8.6
frame=33 processed=33 detections=9 best=0.500 infer_ms=8.4
frame=34 processed=34 detections=10 best=0.500 infer_ms=9.3
frame=35 processed=35 detections=9 best=0.500 infer_ms=8.4
frame=36 processed=36 detections=10 best=0.500 infer_ms=8.3
frame=37 processed=37 detections=9 best=0.500 infer_ms=8.3
frame=38 processed=38 detections=10 best=0.500 infer_ms=8.4
frame=39 processed=39 detections=10 best=0.500 infer_ms=8.4
frame=40 processed=40 detections=10 best=0.500 infer_ms=8.3
frame=41 processed=41 detections=10 best=0.500 infer_ms=9.7
frame=42 processed=42 detections=9 best=0.500 infer_ms=8.3
frame=43 processed=43 detections=12 best=0.500 infer_ms=8.3
frame=44 processed=44 detections=12 best=0.500 infer_ms=8.2
frame=45 processed=45 detections=12 best=0.500 infer_ms=8.1
frame=46 processed=46 detections=11 best=0.500 infer_ms=11.3
frame=47 processed=47 detections=11 best=0.500 infer_ms=8.3
frame=48 processed=48 detections=11 best=0.500 infer_ms=8.6
frame=49 processed=49 detections=10 best=0.500 infer_ms=8.4
frame=50 processed=50 detections=10 best=0.500 infer_ms=9.8
frame=51 processed=51 detections=9 best=0.500 infer_ms=8.4
frame=52 processed=52 detections=9 best=0.500 infer_ms=8.3
frame=53 processed=53 detections=9 best=0.500 infer_ms=8.3
frame=54 processed=54 detections=9 best=0.500 infer_ms=8.4
frame=55 processed=55 detections=8 best=0.500 infer_ms=9.6
frame=56 processed=56 detections=8 best=0.500 infer_ms=8.3
frame=57 processed=57 detections=9 best=0.500 infer_ms=8.3
frame=58 processed=58 detections=8 best=0.500 infer_ms=8.4
frame=59 processed=59 detections=10 best=0.500 infer_ms=8.3
frame=60 processed=60 detections=8 best=0.500 infer_ms=8.3
frame=61 processed=61 detections=8 best=0.500 infer_ms=8.3
frame=62 processed=62 detections=10 best=0.500 infer_ms=10.5
frame=63 processed=63 detections=9 best=0.500 infer_ms=8.3
frame=64 processed=64 detections=10 best=0.500 infer_ms=8.7
frame=65 processed=65 detections=9 best=0.500 infer_ms=8.5
frame=66 processed=66 detections=10 best=0.500 infer_ms=8.6
frame=67 processed=67 detections=9 best=0.500 infer_ms=8.5
frame=68 processed=68 detections=7 best=0.500 infer_ms=8.3
frame=69 processed=69 detections=8 best=0.500 infer_ms=8.4
frame=70 processed=70 detections=9 best=0.500 infer_ms=8.5
frame=71 processed=71 detections=9 best=0.500 infer_ms=8.4
frame=72 processed=72 detections=10 best=0.500 infer_ms=8.3
frame=73 processed=73 detections=11 best=0.500 infer_ms=8.3
frame=74 processed=74 detections=9 best=0.500 infer_ms=8.3
frame=75 processed=75 detections=10 best=0.500 infer_ms=8.2
frame=76 processed=76 detections=10 best=0.500 infer_ms=8.3
frame=77 processed=77 detections=9 best=0.500 infer_ms=8.4
frame=78 processed=78 detections=10 best=0.500 infer_ms=10.0
frame=79 processed=79 detections=8 best=0.500 infer_ms=8.3
frame=80 processed=80 detections=9 best=0.500 infer_ms=8.7
frame=81 processed=81 detections=9 best=0.500 infer_ms=8.4
frame=82 processed=82 detections=8 best=0.500 infer_ms=8.4
frame=83 processed=83 detections=9 best=0.500 infer_ms=8.5
frame=84 processed=84 detections=9 best=0.500 infer_ms=8.3
frame=85 processed=85 detections=10 best=0.500 infer_ms=8.3
frame=86 processed=86 detections=9 best=0.500 infer_ms=8.4
frame=87 processed=87 detections=9 best=0.500 infer_ms=8.5
frame=88 processed=88 detections=10 best=0.500 infer_ms=8.2
frame=89 processed=89 detections=11 best=0.500 infer_ms=8.3
frame=90 processed=90 detections=11 best=0.500 infer_ms=8.4
frame=91 processed=91 detections=13 best=0.500 infer_ms=8.2
frame=92 processed=92 detections=10 best=0.500 infer_ms=8.2
frame=93 processed=93 detections=8 best=0.500 infer_ms=8.3
frame=94 processed=94 detections=9 best=0.500 infer_ms=9.8
frame=95 processed=95 detections=9 best=0.500 infer_ms=8.2
frame=96 processed=96 detections=9 best=0.500 infer_ms=8.6
frame=97 processed=97 detections=9 best=0.500 infer_ms=8.4
frame=98 processed=98 detections=8 best=0.500 infer_ms=8.2
frame=99 processed=99 detections=6 best=0.500 infer_ms=8.4
frame=100 processed=100 detections=8 best=0.500 infer_ms=8.2
frame=101 processed=101 detections=8 best=0.500 infer_ms=8.3
frame=102 processed=102 detections=8 best=0.500 infer_ms=8.4
frame=103 processed=103 detections=10 best=0.500 infer_ms=8.4
frame=104 processed=104 detections=8 best=0.500 infer_ms=8.3
frame=105 processed=105 detections=8 best=0.500 infer_ms=8.3
frame=106 processed=106 detections=7 best=0.500 infer_ms=8.3
frame=107 processed=107 detections=7 best=0.500 infer_ms=8.3
frame=108 processed=108 detections=9 best=0.500 infer_ms=8.3
frame=109 processed=109 detections=9 best=0.500 infer_ms=8.3
frame=110 processed=110 detections=10 best=0.500 infer_ms=9.6
frame=111 processed=111 detections=8 best=0.500 infer_ms=8.4
frame=112 processed=112 detections=7 best=0.500 infer_ms=8.7
frame=113 processed=113 detections=9 best=0.500 infer_ms=8.4
frame=114 processed=114 detections=8 best=0.500 infer_ms=8.5
frame=115 processed=115 detections=9 best=0.500 infer_ms=8.5
frame=116 processed=116 detections=8 best=0.500 infer_ms=8.3
frame=117 processed=117 detections=9 best=0.500 infer_ms=8.3
frame=118 processed=118 detections=9 best=0.500 infer_ms=8.3
frame=119 processed=119 detections=9 best=0.500 infer_ms=8.4
frame=120 processed=120 detections=10 best=0.500 infer_ms=8.3
frame=121 processed=121 detections=7 best=0.500 infer_ms=8.4
frame=122 processed=122 detections=8 best=0.500 infer_ms=8.5
frame=123 processed=123 detections=8 best=0.500 infer_ms=8.3
frame=124 processed=124 detections=8 best=0.500 infer_ms=8.4
frame=125 processed=125 detections=8 best=0.500 infer_ms=8.3
frame=126 processed=126 detections=8 best=0.500 infer_ms=9.6
frame=127 processed=127 detections=7 best=0.500 infer_ms=8.3
frame=128 processed=128 detections=7 best=0.500 infer_ms=8.6
frame=129 processed=129 detections=8 best=0.500 infer_ms=8.4
frame=130 processed=130 detections=9 best=0.500 infer_ms=8.6
frame=131 processed=131 detections=8 best=0.500 infer_ms=8.6
frame=132 processed=132 detections=9 best=0.500 infer_ms=8.4
frame=133 processed=133 detections=9 best=0.500 infer_ms=8.3
frame=134 processed=134 detections=8 best=0.500 infer_ms=8.3
frame=135 processed=135 detections=10 best=0.500 infer_ms=8.3
frame=136 processed=136 detections=9 best=0.500 infer_ms=9.2
frame=137 processed=137 detections=10 best=0.500 infer_ms=8.3
frame=138 processed=138 detections=11 best=0.500 infer_ms=8.3
frame=139 processed=139 detections=11 best=0.500 infer_ms=8.3
frame=140 processed=140 detections=8 best=0.500 infer_ms=8.3
frame=141 processed=141 detections=7 best=0.500 infer_ms=8.3
frame=142 processed=142 detections=8 best=0.500 infer_ms=10.5
frame=143 processed=143 detections=7 best=0.500 infer_ms=8.4
frame=144 processed=144 detections=9 best=0.500 infer_ms=8.5
frame=145 processed=145 detections=9 best=0.500 infer_ms=8.4
frame=146 processed=146 detections=9 best=0.500 infer_ms=8.6
frame=147 processed=147 detections=8 best=0.500 infer_ms=8.7
frame=148 processed=148 detections=9 best=0.500 infer_ms=8.4
frame=149 processed=149 detections=9 best=0.500 infer_ms=8.4
frame=150 processed=150 detections=9 best=0.500 infer_ms=8.3
frame=151 processed=151 detections=12 best=0.500 infer_ms=8.4
frame=152 processed=152 detections=8 best=0.500 infer_ms=8.3
frame=153 processed=153 detections=8 best=0.500 infer_ms=8.4
frame=154 processed=154 detections=8 best=0.500 infer_ms=8.3
frame=155 processed=155 detections=8 best=0.500 infer_ms=8.3
frame=156 processed=156 detections=8 best=0.500 infer_ms=8.3
frame=157 processed=157 detections=7 best=0.500 infer_ms=8.3
frame=158 processed=158 detections=7 best=0.500 infer_ms=10.3
frame=159 processed=159 detections=7 best=0.500 infer_ms=8.4
frame=160 processed=160 detections=7 best=0.500 infer_ms=8.4
frame=161 processed=161 detections=8 best=0.500 infer_ms=8.4
frame=162 processed=162 detections=9 best=0.500 infer_ms=8.6
frame=163 processed=163 detections=9 best=0.500 infer_ms=8.5
frame=164 processed=164 detections=9 best=0.500 infer_ms=8.3
frame=165 processed=165 detections=10 best=0.500 infer_ms=8.3
frame=166 processed=166 detections=10 best=0.500 infer_ms=8.3
frame=167 processed=167 detections=11 best=0.500 infer_ms=8.4
frame=168 processed=168 detections=11 best=0.500 infer_ms=8.5
frame=169 processed=169 detections=7 best=0.500 infer_ms=8.3
frame=170 processed=170 detections=7 best=0.500 infer_ms=8.3
frame=171 processed=171 detections=7 best=0.500 infer_ms=8.4
frame=172 processed=172 detections=7 best=0.500 infer_ms=8.3
frame=173 processed=173 detections=7 best=0.500 infer_ms=8.3
frame=174 processed=174 detections=7 best=0.500 infer_ms=10.2
frame=175 processed=175 detections=7 best=0.500 infer_ms=8.3
frame=176 processed=176 detections=8 best=0.500 infer_ms=8.5
frame=177 processed=177 detections=9 best=0.500 infer_ms=8.4
frame=178 processed=178 detections=9 best=0.500 infer_ms=8.4
frame=179 processed=179 detections=8 best=0.500 infer_ms=8.5
frame=180 processed=180 detections=7 best=0.500 infer_ms=8.3
frame=181 processed=181 detections=9 best=0.500 infer_ms=8.3
frame=182 processed=182 detections=9 best=0.500 infer_ms=8.3
frame=183 processed=183 detections=9 best=0.500 infer_ms=8.4
frame=184 processed=184 detections=8 best=0.500 infer_ms=8.4
frame=185 processed=185 detections=7 best=0.500 infer_ms=8.4
frame=186 processed=186 detections=8 best=0.500 infer_ms=8.4
frame=187 processed=187 detections=9 best=0.500 infer_ms=8.4
frame=188 processed=188 detections=7 best=0.500 infer_ms=9.3
frame=189 processed=189 detections=8 best=0.500 infer_ms=8.4
frame=190 processed=190 detections=8 best=0.500 infer_ms=9.0
frame=191 processed=191 detections=6 best=0.500 infer_ms=8.4
frame=192 processed=192 detections=7 best=0.500 infer_ms=8.4
frame=193 processed=193 detections=6 best=0.500 infer_ms=8.4
frame=194 processed=194 detections=7 best=0.500 infer_ms=8.6
frame=195 processed=195 detections=7 best=0.500 infer_ms=8.5
frame=196 processed=196 detections=6 best=0.500 infer_ms=8.3
frame=197 processed=197 detections=6 best=0.500 infer_ms=8.3
frame=198 processed=198 detections=7 best=0.500 infer_ms=8.3
frame=199 processed=199 detections=7 best=0.500 infer_ms=8.3
frame=200 processed=200 detections=7 best=0.500 infer_ms=8.3
frame=201 processed=201 detections=9 best=0.500 infer_ms=8.4
frame=202 processed=202 detections=9 best=0.500 infer_ms=8.3
frame=203 processed=203 detections=9 best=0.500 infer_ms=8.3
frame=204 processed=204 detections=8 best=0.500 infer_ms=8.3
frame=205 processed=205 detections=9 best=0.500 infer_ms=8.4
frame=206 processed=206 detections=8 best=0.500 infer_ms=9.6
frame=207 processed=207 detections=9 best=0.500 infer_ms=8.4
frame=208 processed=208 detections=9 best=0.500 infer_ms=8.5
frame=209 processed=209 detections=10 best=0.500 infer_ms=8.9
frame=210 processed=210 detections=10 best=0.500 infer_ms=9.5
frame=211 processed=211 detections=11 best=0.500 infer_ms=8.6
frame=212 processed=212 detections=10 best=0.500 infer_ms=8.3
frame=213 processed=213 detections=11 best=0.500 infer_ms=8.4
frame=214 processed=214 detections=11 best=0.500 infer_ms=8.4
frame=215 processed=215 detections=11 best=0.500 infer_ms=8.5
frame=216 processed=216 detections=11 best=0.500 infer_ms=8.3
frame=217 processed=217 detections=9 best=0.500 infer_ms=8.4
frame=218 processed=218 detections=9 best=0.500 infer_ms=8.4
frame=219 processed=219 detections=10 best=0.500 infer_ms=8.5
frame=220 processed=220 detections=10 best=0.500 infer_ms=8.4
frame=221 processed=221 detections=9 best=0.500 infer_ms=8.5
frame=222 processed=222 detections=9 best=0.500 infer_ms=8.6
frame=223 processed=223 detections=9 best=0.500 infer_ms=8.3
frame=224 processed=224 detections=9 best=0.500 infer_ms=8.6
frame=225 processed=225 detections=9 best=0.500 infer_ms=8.6
frame=226 processed=226 detections=6 best=0.500 infer_ms=10.1
frame=227 processed=227 detections=7 best=0.500 infer_ms=8.4
frame=228 processed=228 detections=6 best=0.500 infer_ms=8.4
frame=229 processed=229 detections=7 best=0.500 infer_ms=8.5
frame=230 processed=230 detections=7 best=0.500 infer_ms=8.4
frame=231 processed=231 detections=6 best=0.500 infer_ms=10.2
frame=232 processed=232 detections=7 best=0.500 infer_ms=8.4
frame=233 processed=233 detections=9 best=0.500 infer_ms=8.4
frame=234 processed=234 detections=11 best=0.500 infer_ms=8.4
frame=235 processed=235 detections=12 best=0.500 infer_ms=8.4
frame=236 processed=236 detections=11 best=0.500 infer_ms=8.6
frame=237 processed=237 detections=11 best=0.500 infer_ms=8.6
frame=238 processed=238 detections=12 best=0.500 infer_ms=8.5
frame=239 processed=239 detections=12 best=0.500 infer_ms=8.5
frame=240 processed=240 detections=12 best=0.500 infer_ms=8.5
frame=241 processed=241 detections=9 best=0.500 infer_ms=8.4
frame=242 processed=242 detections=12 best=0.500 infer_ms=8.4
frame=243 processed=243 detections=12 best=0.500 infer_ms=8.3
frame=244 processed=244 detections=12 best=0.500 infer_ms=8.3
frame=245 processed=245 detections=12 best=0.500 infer_ms=8.4
frame=246 processed=246 detections=8 best=0.500 infer_ms=8.4
frame=247 processed=247 detections=8 best=0.500 infer_ms=8.5
frame=248 processed=248 detections=10 best=0.500 infer_ms=9.5
frame=249 processed=249 detections=10 best=0.500 infer_ms=8.4
frame=250 processed=250 detections=10 best=0.500 infer_ms=8.4
frame=251 processed=251 detections=8 best=0.500 infer_ms=8.4
frame=252 processed=252 detections=8 best=0.500 infer_ms=8.5
frame=253 processed=253 detections=6 best=0.500 infer_ms=8.4
frame=254 processed=254 detections=9 best=0.500 infer_ms=10.5
frame=255 processed=255 detections=9 best=0.500 infer_ms=8.4
frame=256 processed=256 detections=7 best=0.500 infer_ms=8.6
frame=257 processed=257 detections=8 best=0.500 infer_ms=8.5
frame=258 processed=258 detections=9 best=0.500 infer_ms=8.4
frame=259 processed=259 detections=8 best=0.500 infer_ms=8.3
frame=260 processed=260 detections=7 best=0.500 infer_ms=8.3
frame=261 processed=261 detections=9 best=0.500 infer_ms=8.3
frame=262 processed=262 detections=12 best=0.500 infer_ms=8.4
frame=263 processed=263 detections=9 best=0.500 infer_ms=8.3
frame=264 processed=264 detections=13 best=0.500 infer_ms=8.7
frame=265 processed=265 detections=12 best=0.500 infer_ms=8.3
frame=266 processed=266 detections=13 best=0.500 infer_ms=8.4
frame=267 processed=267 detections=13 best=0.500 infer_ms=8.3
frame=268 processed=268 detections=11 best=0.500 infer_ms=8.3
frame=269 processed=269 detections=14 best=0.500 infer_ms=8.3
frame=270 processed=270 detections=12 best=0.500 infer_ms=9.7
frame=271 processed=271 detections=12 best=0.500 infer_ms=8.4
frame=272 processed=272 detections=13 best=0.500 infer_ms=8.5
frame=273 processed=273 detections=9 best=0.500 infer_ms=8.5
frame=274 processed=274 detections=9 best=0.500 infer_ms=9.7
frame=275 processed=275 detections=11 best=0.500 infer_ms=8.3
frame=276 processed=276 detections=9 best=0.500 infer_ms=8.3
frame=277 processed=277 detections=9 best=0.500 infer_ms=8.4
frame=278 processed=278 detections=11 best=0.500 infer_ms=8.4
frame=279 processed=279 detections=11 best=0.500 infer_ms=10.1
frame=280 processed=280 detections=11 best=0.500 infer_ms=9.0
frame=281 processed=281 detections=12 best=0.500 infer_ms=8.5
frame=282 processed=282 detections=11 best=0.500 infer_ms=8.3
frame=283 processed=283 detections=13 best=0.500 infer_ms=8.4
frame=284 processed=284 detections=12 best=0.500 infer_ms=8.5
frame=285 processed=285 detections=11 best=0.500 infer_ms=8.2
frame=286 processed=286 detections=13 best=0.500 infer_ms=9.9
frame=287 processed=287 detections=14 best=0.500 infer_ms=8.4
frame=288 processed=288 detections=16 best=0.500 infer_ms=8.7
frame=289 processed=289 detections=14 best=0.500 infer_ms=8.5
frame=290 processed=290 detections=13 best=0.500 infer_ms=9.5
frame=291 processed=291 detections=13 best=0.500 infer_ms=8.3
frame=292 processed=292 detections=14 best=0.500 infer_ms=8.9
frame=293 processed=293 detections=12 best=0.500 infer_ms=8.4
frame=294 processed=294 detections=15 best=0.500 infer_ms=8.4
frame=295 processed=295 detections=14 best=0.500 infer_ms=8.4
frame=296 processed=296 detections=13 best=0.500 infer_ms=8.6
frame=297 processed=297 detections=15 best=0.500 infer_ms=8.3
frame=298 processed=298 detections=14 best=0.500 infer_ms=8.3
frame=299 processed=299 detections=14 best=0.500 infer_ms=8.4
frame=300 processed=300 detections=14 best=0.500 infer_ms=8.6
frame=301 processed=301 detections=14 best=0.500 infer_ms=8.2
frame=302 processed=302 detections=14 best=0.500 infer_ms=8.4
frame=303 processed=303 detections=13 best=0.500 infer_ms=8.3
frame=304 processed=304 detections=13 best=0.500 infer_ms=8.4
frame=305 processed=305 detections=12 best=0.500 infer_ms=8.5
frame=306 processed=306 detections=11 best=0.500 infer_ms=8.4
frame=307 processed=307 detections=12 best=0.500 infer_ms=8.3
frame=308 processed=308 detections=11 best=0.500 infer_ms=9.1
frame=309 processed=309 detections=14 best=0.500 infer_ms=8.5
frame=310 processed=310 detections=11 best=0.500 infer_ms=8.4
frame=311 processed=311 detections=12 best=0.500 infer_ms=8.3
frame=312 processed=312 detections=12 best=0.500 infer_ms=8.5
frame=313 processed=313 detections=13 best=0.500 infer_ms=8.3
frame=314 processed=314 detections=12 best=0.500 infer_ms=8.4
frame=315 processed=315 detections=12 best=0.500 infer_ms=8.3
frame=316 processed=316 detections=12 best=0.500 infer_ms=8.5
frame=317 processed=317 detections=12 best=0.500 infer_ms=8.2
frame=318 processed=318 detections=12 best=0.500 infer_ms=8.3
frame=319 processed=319 detections=13 best=0.500 infer_ms=8.3
frame=320 processed=320 detections=12 best=0.500 infer_ms=8.3
frame=321 processed=321 detections=11 best=0.500 infer_ms=8.5
frame=322 processed=322 detections=13 best=0.500 infer_ms=8.5
frame=323 processed=323 detections=13 best=0.500 infer_ms=8.3
frame=324 processed=324 detections=14 best=0.500 infer_ms=8.5
frame=325 processed=325 detections=13 best=0.500 infer_ms=8.4
frame=326 processed=326 detections=15 best=0.500 infer_ms=8.4
frame=327 processed=327 detections=14 best=0.500 infer_ms=10.1
frame=328 processed=328 detections=15 best=0.500 infer_ms=8.5
frame=329 processed=329 detections=14 best=0.500 infer_ms=8.3
frame=330 processed=330 detections=14 best=0.500 infer_ms=8.4
frame=331 processed=331 detections=14 best=0.500 infer_ms=8.4
frame=332 processed=332 detections=14 best=0.500 infer_ms=8.4
frame=333 processed=333 detections=14 best=0.500 infer_ms=8.2
frame=334 processed=334 detections=13 best=0.500 infer_ms=10.3
frame=335 processed=335 detections=14 best=0.500 infer_ms=8.3
frame=336 processed=336 detections=14 best=0.500 infer_ms=8.4
frame=337 processed=337 detections=12 best=0.500 infer_ms=8.5
frame=338 processed=338 detections=12 best=0.500 infer_ms=8.5
frame=339 processed=339 detections=14 best=0.500 infer_ms=8.3
frame=340 processed=340 detections=12 best=0.500 infer_ms=9.2
frame=341 processed=341 detections=14 best=0.500 infer_ms=8.4
frame=342 processed=342 detections=13 best=0.500 infer_ms=9.6
frame=343 processed=343 detections=13 best=0.500 infer_ms=9.0
frame=344 processed=344 detections=14 best=0.500 infer_ms=8.9
frame=345 processed=345 detections=16 best=0.500 infer_ms=8.8
frame=346 processed=346 detections=14 best=0.500 infer_ms=8.7
frame=347 processed=347 detections=15 best=0.500 infer_ms=8.6
frame=348 processed=348 detections=16 best=0.500 infer_ms=8.5
frame=349 processed=349 detections=14 best=0.500 infer_ms=8.3
frame=350 processed=350 detections=14 best=0.500 infer_ms=8.2
frame=351 processed=351 detections=13 best=0.500 infer_ms=8.3
frame=352 processed=352 detections=14 best=0.500 infer_ms=8.3
frame=353 processed=353 detections=13 best=0.500 infer_ms=8.4
frame=354 processed=354 detections=17 best=0.500 infer_ms=8.4
frame=355 processed=355 detections=14 best=0.500 infer_ms=8.3
frame=356 processed=356 detections=16 best=0.500 infer_ms=8.5
frame=357 processed=357 detections=16 best=0.500 infer_ms=8.3
frame=358 processed=358 detections=15 best=0.500 infer_ms=8.6
frame=359 processed=359 detections=15 best=0.500 infer_ms=10.1
frame=360 processed=360 detections=14 best=0.500 infer_ms=8.6
frame=361 processed=361 detections=12 best=0.500 infer_ms=8.4
frame=362 processed=362 detections=13 best=0.500 infer_ms=8.5
frame=363 processed=363 detections=13 best=0.500 infer_ms=8.4
frame=364 processed=364 detections=12 best=0.500 infer_ms=8.2
frame=365 processed=365 detections=12 best=0.500 infer_ms=8.4
frame=366 processed=366 detections=12 best=0.500 infer_ms=10.3
frame=367 processed=367 detections=12 best=0.500 infer_ms=8.3
frame=368 processed=368 detections=12 best=0.500 infer_ms=8.4
frame=369 processed=369 detections=11 best=0.500 infer_ms=8.4
frame=370 processed=370 detections=12 best=0.500 infer_ms=8.4
frame=371 processed=371 detections=11 best=0.500 infer_ms=8.2
frame=372 processed=372 detections=11 best=0.500 infer_ms=9.2
frame=373 processed=373 detections=13 best=0.500 infer_ms=8.3
frame=374 processed=374 detections=10 best=0.500 infer_ms=8.6
frame=375 processed=375 detections=12 best=0.500 infer_ms=10.3
frame=376 processed=376 detections=10 best=0.500 infer_ms=8.6
frame=377 processed=377 detections=13 best=0.500 infer_ms=8.4
frame=378 processed=378 detections=11 best=0.500 infer_ms=8.5
frame=379 processed=379 detections=11 best=0.500 infer_ms=8.3
frame=380 processed=380 detections=10 best=0.500 infer_ms=8.5
frame=381 processed=381 detections=11 best=0.500 infer_ms=8.4
frame=382 processed=382 detections=12 best=0.500 infer_ms=10.3
frame=383 processed=383 detections=11 best=0.500 infer_ms=8.3
frame=384 processed=384 detections=12 best=0.500 infer_ms=8.4
frame=385 processed=385 detections=11 best=0.500 infer_ms=8.4
frame=386 processed=386 detections=11 best=0.500 infer_ms=8.3
frame=387 processed=387 detections=11 best=0.500 infer_ms=8.2
frame=388 processed=388 detections=10 best=0.500 infer_ms=9.3
frame=389 processed=389 detections=9 best=0.500 infer_ms=8.2
frame=390 processed=390 detections=9 best=0.500 infer_ms=8.5
frame=391 processed=391 detections=10 best=0.500 infer_ms=10.0
frame=392 processed=392 detections=11 best=0.500 infer_ms=8.5
frame=393 processed=393 detections=11 best=0.500 infer_ms=8.4
frame=394 processed=394 detections=11 best=0.500 infer_ms=8.4
frame=395 processed=395 detections=11 best=0.500 infer_ms=8.4
frame=396 processed=396 detections=11 best=0.500 infer_ms=8.4
frame=397 processed=397 detections=10 best=0.500 infer_ms=8.3
frame=398 processed=398 detections=10 best=0.500 infer_ms=8.2
frame=399 processed=399 detections=9 best=0.500 infer_ms=8.2
frame=400 processed=400 detections=9 best=0.500 infer_ms=8.3
frame=401 processed=401 detections=10 best=0.500 infer_ms=8.3
frame=402 processed=402 detections=10 best=0.500 infer_ms=8.4
frame=403 processed=403 detections=11 best=0.500 infer_ms=8.2
frame=404 processed=404 detections=11 best=0.500 infer_ms=8.7
frame=405 processed=405 detections=9 best=0.500 infer_ms=8.8
frame=406 processed=406 detections=9 best=0.500 infer_ms=8.5
frame=407 processed=407 detections=9 best=0.500 infer_ms=9.9
frame=408 processed=408 detections=10 best=0.500 infer_ms=8.6
frame=409 processed=409 detections=9 best=0.500 infer_ms=8.6
frame=410 processed=410 detections=9 best=0.500 infer_ms=8.4
frame=411 processed=411 detections=11 best=0.500 infer_ms=8.2
frame=412 processed=412 detections=10 best=0.500 infer_ms=8.5
frame=413 processed=413 detections=11 best=0.500 infer_ms=8.5
frame=414 processed=414 detections=10 best=0.500 infer_ms=8.3
frame=415 processed=415 detections=11 best=0.500 infer_ms=8.5
frame=416 processed=416 detections=10 best=0.500 infer_ms=8.8
frame=417 processed=417 detections=10 best=0.500 infer_ms=8.2
frame=418 processed=418 detections=8 best=0.500 infer_ms=8.3
frame=419 processed=419 detections=9 best=0.500 infer_ms=8.2
frame=420 processed=420 detections=8 best=0.500 infer_ms=8.6
frame=421 processed=421 detections=8 best=0.500 infer_ms=8.4
frame=422 processed=422 detections=7 best=0.500 infer_ms=8.6
frame=423 processed=423 detections=7 best=0.500 infer_ms=8.4
frame=424 processed=424 detections=9 best=0.500 infer_ms=9.0
frame=425 processed=425 detections=8 best=0.500 infer_ms=8.5
frame=426 processed=426 detections=7 best=0.500 infer_ms=8.5
frame=427 processed=427 detections=8 best=0.500 infer_ms=8.4
frame=428 processed=428 detections=7 best=0.500 infer_ms=8.5
frame=429 processed=429 detections=9 best=0.500 infer_ms=8.4
frame=430 processed=430 detections=10 best=0.500 infer_ms=10.2
frame=431 processed=431 detections=9 best=0.500 infer_ms=8.5
frame=432 processed=432 detections=7 best=0.500 infer_ms=9.7
frame=433 processed=433 detections=8 best=0.500 infer_ms=8.2
frame=434 processed=434 detections=6 best=0.500 infer_ms=8.4
frame=435 processed=435 detections=7 best=0.500 infer_ms=8.3
frame=436 processed=436 detections=5 best=0.500 infer_ms=8.5
frame=437 processed=437 detections=8 best=0.500 infer_ms=8.3
frame=438 processed=438 detections=6 best=0.500 infer_ms=8.5
frame=439 processed=439 detections=7 best=0.500 infer_ms=8.3
frame=440 processed=440 detections=7 best=0.500 infer_ms=9.3
frame=441 processed=441 detections=7 best=0.500 infer_ms=8.5
frame=442 processed=442 detections=8 best=0.500 infer_ms=8.7
frame=443 processed=443 detections=8 best=0.500 infer_ms=8.9
frame=444 processed=444 detections=6 best=0.500 infer_ms=8.7
frame=445 processed=445 detections=7 best=0.500 infer_ms=8.7
frame=446 processed=446 detections=7 best=0.500 infer_ms=8.7
frame=447 processed=447 detections=7 best=0.500 infer_ms=8.7
frame=448 processed=448 detections=6 best=0.500 infer_ms=9.3
frame=449 processed=449 detections=6 best=0.500 infer_ms=8.6
frame=450 processed=450 detections=5 best=0.500 infer_ms=9.4
frame=451 processed=451 detections=5 best=0.500 infer_ms=8.5
frame=452 processed=452 detections=7 best=0.500 infer_ms=8.6
frame=453 processed=453 detections=8 best=0.500 infer_ms=8.4
frame=454 processed=454 detections=7 best=0.500 infer_ms=8.4
frame=455 processed=455 detections=8 best=0.500 infer_ms=8.3
frame=456 processed=456 detections=8 best=0.500 infer_ms=9.8
frame=457 processed=457 detections=8 best=0.500 infer_ms=8.2
frame=458 processed=458 detections=8 best=0.500 infer_ms=8.3
frame=459 processed=459 detections=5 best=0.500 infer_ms=8.3
frame=460 processed=460 detections=6 best=0.500 infer_ms=8.4
frame=461 processed=461 detections=7 best=0.500 infer_ms=8.4
frame=462 processed=462 detections=9 best=0.500 infer_ms=10.3
frame=463 processed=463 detections=8 best=0.500 infer_ms=8.4
frame=464 processed=464 detections=7 best=0.500 infer_ms=9.4
frame=465 processed=465 detections=6 best=0.500 infer_ms=8.4
frame=466 processed=466 detections=7 best=0.500 infer_ms=8.3
frame=467 processed=467 detections=5 best=0.500 infer_ms=8.3
frame=468 processed=468 detections=6 best=0.500 infer_ms=8.6
frame=469 processed=469 detections=6 best=0.500 infer_ms=8.3
frame=470 processed=470 detections=6 best=0.500 infer_ms=8.5
frame=471 processed=471 detections=5 best=0.500 infer_ms=10.0
frame=472 processed=472 detections=4 best=0.500 infer_ms=8.6
frame=473 processed=473 detections=4 best=0.500 infer_ms=8.3
frame=474 processed=474 detections=4 best=0.500 infer_ms=8.4
frame=475 processed=475 detections=2 best=0.500 infer_ms=8.3
frame=476 processed=476 detections=3 best=0.500 infer_ms=8.3
frame=477 processed=477 detections=4 best=0.500 infer_ms=8.4
frame=478 processed=478 detections=5 best=0.500 infer_ms=8.3
frame=479 processed=479 detections=5 best=0.500 infer_ms=8.4
frame=480 processed=480 detections=5 best=0.500 infer_ms=8.7
frame=481 processed=481 detections=4 best=0.500 infer_ms=8.5
frame=482 processed=482 detections=5 best=0.500 infer_ms=10.1
frame=483 processed=483 detections=3 best=0.500 infer_ms=8.2
frame=484 processed=484 detections=4 best=0.500 infer_ms=8.3
frame=485 processed=485 detections=4 best=0.500 infer_ms=8.1
frame=486 processed=486 detections=5 best=0.500 infer_ms=8.2
frame=487 processed=487 detections=2 best=0.500 infer_ms=8.6
frame=488 processed=488 detections=3 best=0.500 infer_ms=8.2
frame=489 processed=489 detections=2 best=0.500 infer_ms=8.1
frame=490 processed=490 detections=3 best=0.500 infer_ms=8.2
frame=491 processed=491 detections=3 best=0.500 infer_ms=8.3
frame=492 processed=492 detections=4 best=0.500 infer_ms=8.2
frame=493 processed=493 detections=4 best=0.500 infer_ms=8.3
frame=494 processed=494 detections=3 best=0.500 infer_ms=8.2
frame=495 processed=495 detections=4 best=0.500 infer_ms=8.2
frame=496 processed=496 detections=3 best=0.500 infer_ms=8.2
frame=497 processed=497 detections=5 best=0.500 infer_ms=8.2
frame=498 processed=498 detections=5 best=0.500 infer_ms=8.2
frame=499 processed=499 detections=5 best=0.500 infer_ms=8.2
frame=500 processed=500 detections=5 best=0.500 infer_ms=8.2
done processed=500 event_emitted=True ledger=/home/sima/watch-perception/session-ledger.json {'frames_processed': 500, 'frames_in_events': 40, 'frames_unattributed': 460, 'events_emitted': 1, 'frames_stored': 0, 'frames_uploaded': 0}
Configuring for the decoding type: 8:yolo26
Configured for subtensors: 6
Derived configuration for YOLO : num_anchors: 1 score tensor: 1 xy_tensor 0 extent_tensor 0
Additional configuration for YOLO : none
